
> banh-ca-bon-mua@0.1.0 test
> vitest run


[1m[30m[46m RUN [49m[39m[22m [36mv4.1.5 [39m[90mD:/banh-ca-bon-mua[39m

 [31mΓ¥»[39m src/__tests__/pricing/menuPricing.integration.test.ts [2m([22m[2m4 tests[22m[2m | [22m[31m1 failed[39m[2m)[22m[33m 2113[2mms[22m[39m
[31m       [31m├ù[31m Yuzu Matcha Latte size L, swap to MH-3, + nß╗¡a vi├¬n kem ΓåÆ 80,000 VND[39m[33m 1274[2mms[22m[39m
       [32mΓ£ô[39m Usucha size M ΓåÆ 50,000 VND[32m 2[2mms[22m[39m
       [32mΓ£ô[39m Shiro Latte size XL ΓåÆ 90,000 VND[32m 1[2mms[22m[39m
       [32mΓ£ô[39m Meyumi size L + 1 cß╗Ñc kem + ─æ├í dß╗½a ΓåÆ 83,000 VND[32m 1[2mms[22m[39m
 [31mΓ¥»[39m lib/__tests__/orders-route.test.ts [2m([22m[2m21 tests[22m[2m | [22m[31m12 failed[39m[2m)[22m[32m 72[2mms[22m[39m
     [32mΓ£ô[39m returns 401 when no session[32m 14[2mms[22m[39m
     [32mΓ£ô[39m returns 403 when role is STAFF[32m 2[2mms[22m[39m
     [32mΓ£ô[39m returns 403 when role is ADMIN[32m 2[2mms[22m[39m
     [32mΓ£ô[39m returns 400 for malformed JSON[32m 2[2mms[22m[39m
     [32mΓ£ô[39m returns 400 when items array is empty[32m 2[2mms[22m[39m
     [32mΓ£ô[39m returns 400 when client_price_vnd is missing[32m 2[2mms[22m[39m
[31m     [31m├ù[31m creates PENDING order and returns 201[39m[32m 13[2mms[22m[39m
[31m     [31m├ù[31m order.create uses user_id from session, not body[39m[32m 4[2mms[22m[39m
[31m     [31m├ù[31m passes pickup_time and note to order.create[39m[32m 4[2mms[22m[39m
[31m     [31m├ù[31m applies PERCENT discount voucher: 20% off 69000 = 55200 total[39m[32m 2[2mms[22m[39m
[31m     [31m├ù[31m FIXED discount is capped at subtotal (total cannot go below 0)[39m[32m 2[2mms[22m[39m
[31m     [31m├ù[31m marks voucher REDEEMED with ONLINE channel after order[39m[32m 2[2mms[22m[39m
     [32mΓ£ô[39m returns 404 when voucher belongs to another user[32m 1[2mms[22m[39m
     [32mΓ£ô[39m returns 404 when voucher not found[32m 1[2mms[22m[39m
[31m     [31m├ù[31m returns 422 VOUCHER_REDEEMED when already used[39m[32m 2[2mms[22m[39m
[31m     [31m├ù[31m returns 422 VOUCHER_EXPIRED when past expires_at[39m[32m 2[2mms[22m[39m
[31m     [31m├ù[31m returns 400 when voucher is PRODUCT type[39m[32m 3[2mms[22m[39m
     [32mΓ£ô[39m returns 404 when item is unavailable (NOT_FOUND from processOrderItems)[32m 1[2mms[22m[39m
[31m     [31m├ù[31m returns 400 when size is unavailable (VALIDATION_ERROR from processOrderItems)[39m[32m 2[2mms[22m[39m
[31m     [31m├ù[31m returns 409 PRICE_CHANGED when server price differs from client[39m[32m 2[2mms[22m[39m
[31m     [31m├ù[31m returns 500 on unexpected DB error[39m[32m 2[2mms[22m[39m
 [31mΓ¥»[39m src/__tests__/services/staffOrderService.test.ts [2m([22m[2m9 tests[22m[2m | [22m[31m5 failed[39m[2m)[22m[32m 25[2mms[22m[39m
[31m     [31m├ù[31m trß║ú { found: true, name, phone_number } khi t├¼m thß║Ñy[39m[32m 7[2mms[22m[39m
[31m     [31m├ù[31m trß║ú { found: false } khi kh├┤ng t├¼m thß║Ñy[39m[32m 1[2mms[22m[39m
[31m     [31m├ù[31m gß╗ìi ─æ├║ng endpoint vß╗¢i phone param[39m[32m 1[2mms[22m[39m
     [32mΓ£ô[39m gß╗ìi POST /api/staff/orders vß╗¢i payload ─æ├║ng[32m 3[2mms[22m[39m
     [32mΓ£ô[39m payload item phß║úi c├│ size, ice_option, coldwhisk, client_price_vnd[32m 1[2mms[22m[39m
     [32mΓ£ô[39m selected_powder_id v├á selected_milk_type_id ─æ╞░ß╗úc forward khi cung cß║Ñp[32m 0[2mms[22m[39m
[31m     [31m├ù[31m trß║ú type user khi QR l├á user[39m[32m 4[2mms[22m[39m
[31m     [31m├ù[31m trß║ú type voucher khi QR l├á voucher DISCOUNT[39m[32m 1[2mms[22m[39m
     [32mΓ£ô[39m gß╗ìi ─æ├║ng endpoint vß╗¢i token[32m 2[2mms[22m[39m
 [32mΓ£ô[39m src/__tests__/components/staff/StaffOrderForm.steps.test.ts [2m([22m[2m19 tests[22m[2m)[22m[32m 16[2mms[22m[39m
 [32mΓ£ô[39m src/__tests__/components/staff/CartItem.logic.test.ts [2m([22m[2m10 tests[22m[2m)[22m[32m 12[2mms[22m[39m
 [32mΓ£ô[39m lib/__tests__/orders.test.ts [2m([22m[2m16 tests[22m[2m)[22m[32m 27[2mms[22m[39m
 [32mΓ£ô[39m src/__tests__/components/staff/AddonModal.logic.test.ts [2m([22m[2m12 tests[22m[2m)[22m[32m 12[2mms[22m[39m
 [32mΓ£ô[39m src/__tests__/services/menuService.test.ts [2m([22m[2m6 tests[22m[2m)[22m[32m 18[2mms[22m[39m

[2m Test Files [22m [1m[31m3 failed[39m[22m[2m | [22m[1m[32m5 passed[39m[22m[90m (8)[39m
[2m      Tests [22m [1m[31m18 failed[39m[22m[2m | [22m[1m[32m79 passed[39m[22m[90m (97)[39m
[2m   Start at [22m 19:36:56
[2m   Duration [22m 15.23s[2m (transform 365ms, setup 0ms, import 940ms, tests 2.30s, environment 8.54s)[22m

